Info: Starting: Create HDL design files for synthesis
Info: qsys-generate /media/helios/DUALITY-GUARDIAN/DUALITY-ZERO-V2/fpga/de10-nano/projects/nrm_resonance/jtag_system.qsys --synthesis=VERILOG --output-directory=/media/helios/DUALITY-GUARDIAN/DUALITY-ZERO-V2/fpga/de10-nano/projects/nrm_resonance/jtag_system/synthesis --family="Cyclone V" --part=5CSEBA6U23I7
Progress: Loading nrm_resonance/jtag_system.qsys
Progress: Reading input file
Progress: Adding clk_0 [clock_source 24.1]
Progress: Parameterizing module clk_0
Progress: Adding master_0 [altera_jtag_avalon_master 24.1]
Progress: Parameterizing module master_0
Progress: Adding pio_injection [altera_avalon_pio 24.1]
Progress: Parameterizing module pio_injection
Progress: Building connections
Progress: Parameterizing connections
Progress: Validating
Progress: Done reading input file
Info: jtag_system: Generating "jtag_system" for QUARTUS_SYNTH
Info: Interconnect is inserted between master master_0.master and slave pio_injection.s1 because the master has address signal 32 bit wide, but the slave is 2 bit wide.
Info: Interconnect is inserted between master master_0.master and slave pio_injection.s1 because the master has read signal 1 bit wide, but the slave is 0 bit wide.
Info: Interconnect is inserted between master master_0.master and slave pio_injection.s1 because the master has waitrequest signal 1 bit wide, but the slave is 0 bit wide.
Info: Interconnect is inserted between master master_0.master and slave pio_injection.s1 because the master has readdatavalid signal 1 bit wide, but the slave is 0 bit wide.
Info: Interconnect is inserted between master master_0.master and slave pio_injection.s1 because the master has byteenable signal 4 bit wide, but the slave is 0 bit wide.
Info: master_0: "jtag_system" instantiated altera_jtag_avalon_master "master_0"
Info: pio_injection: Starting RTL generation for module 'jtag_system_pio_injection'
Info: pio_injection:   Generation command is [exec /home/helios/intelFPGA_24_1/quartus/linux64/perl/bin/perl -I /home/helios/intelFPGA_24_1/quartus/linux64/perl/lib -I /home/helios/intelFPGA_24_1/quartus/sopc_builder/bin/europa -I /home/helios/intelFPGA_24_1/quartus/sopc_builder/bin -I /home/helios/intelFPGA_24_1/quartus/../ip/altera/sopc_builder_ip/common -I /home/helios/intelFPGA_24_1/quartus/../ip/altera/sopc_builder_ip/altera_avalon_pio -- /home/helios/intelFPGA_24_1/quartus/../ip/altera/sopc_builder_ip/altera_avalon_pio/generate_rtl.pl --name=jtag_system_pio_injection --dir=/tmp/alt0420_6639478659768959570.dir/0002_pio_injection_gen/ --quartus_dir=/home/helios/intelFPGA_24_1/quartus --verilog --config=/tmp/alt0420_6639478659768959570.dir/0002_pio_injection_gen//jtag_system_pio_injection_component_configuration.pl  --do_build_sim=0  ]
Info: pio_injection: Done RTL generation for module 'jtag_system_pio_injection'
Info: pio_injection: "jtag_system" instantiated altera_avalon_pio "pio_injection"
Info: mm_interconnect_0: "jtag_system" instantiated altera_mm_interconnect "mm_interconnect_0"
Info: jtag_phy_embedded_in_jtag_master: "master_0" instantiated altera_jtag_dc_streaming "jtag_phy_embedded_in_jtag_master"
Info: timing_adt: "master_0" instantiated timing_adapter "timing_adt"
Info: fifo: "master_0" instantiated altera_avalon_sc_fifo "fifo"
Info: b2p: "master_0" instantiated altera_avalon_st_bytes_to_packets "b2p"
Info: p2b: "master_0" instantiated altera_avalon_st_packets_to_bytes "p2b"
Info: transacto: "master_0" instantiated altera_avalon_packets_to_master "transacto"
Info: b2p_adapter: "master_0" instantiated channel_adapter "b2p_adapter"
Info: p2b_adapter: "master_0" instantiated channel_adapter "p2b_adapter"
Info: rst_controller: "master_0" instantiated altera_reset_controller "rst_controller"
Info: master_0_master_translator: "mm_interconnect_0" instantiated altera_merlin_master_translator "master_0_master_translator"
Info: pio_injection_s1_translator: "mm_interconnect_0" instantiated altera_merlin_slave_translator "pio_injection_s1_translator"
Info: jtag_system: Done "jtag_system" with 15 modules, 27 files
Info: qsys-generate succeeded.
Info: Finished: Create HDL design files for synthesis
