------------------------------------------------------------
Timing Analyzer Summary
------------------------------------------------------------

Type  : Slow 1100mV 100C Model Setup 'clk'
Slack : 1.371
TNS   : 0.000

Type  : Slow 1100mV 100C Model Setup 'altera_reserved_tck'
Slack : 10.060
TNS   : 0.000

Type  : Slow 1100mV 100C Model Hold 'clk'
Slack : 0.271
TNS   : 0.000

Type  : Slow 1100mV 100C Model Hold 'altera_reserved_tck'
Slack : 0.500
TNS   : 0.000

Type  : Slow 1100mV 100C Model Recovery 'clk'
Slack : 16.394
TNS   : 0.000

Type  : Slow 1100mV 100C Model Recovery 'altera_reserved_tck'
Slack : 29.641
TNS   : 0.000

Type  : Slow 1100mV 100C Model Removal 'clk'
Slack : 0.694
TNS   : 0.000

Type  : Slow 1100mV 100C Model Removal 'altera_reserved_tck'
Slack : 1.156
TNS   : 0.000

Type  : Slow 1100mV 100C Model Minimum Pulse Width 'clk'
Slack : 8.849
TNS   : 0.000

Type  : Slow 1100mV 100C Model Minimum Pulse Width 'altera_reserved_tck'
Slack : 15.477
TNS   : 0.000

Type  : Slow 1100mV -40C Model Setup 'clk'
Slack : 1.597
TNS   : 0.000

Type  : Slow 1100mV -40C Model Setup 'altera_reserved_tck'
Slack : 10.173
TNS   : 0.000

Type  : Slow 1100mV -40C Model Hold 'clk'
Slack : 0.260
TNS   : 0.000

Type  : Slow 1100mV -40C Model Hold 'altera_reserved_tck'
Slack : 0.566
TNS   : 0.000

Type  : Slow 1100mV -40C Model Recovery 'clk'
Slack : 16.633
TNS   : 0.000

Type  : Slow 1100mV -40C Model Recovery 'altera_reserved_tck'
Slack : 29.863
TNS   : 0.000

Type  : Slow 1100mV -40C Model Removal 'clk'
Slack : 0.647
TNS   : 0.000

Type  : Slow 1100mV -40C Model Removal 'altera_reserved_tck'
Slack : 1.073
TNS   : 0.000

Type  : Slow 1100mV -40C Model Minimum Pulse Width 'clk'
Slack : 8.797
TNS   : 0.000

Type  : Slow 1100mV -40C Model Minimum Pulse Width 'altera_reserved_tck'
Slack : 15.495
TNS   : 0.000

Type  : Fast 1100mV 100C Model Setup 'clk'
Slack : 5.286
TNS   : 0.000

Type  : Fast 1100mV 100C Model Setup 'altera_reserved_tck'
Slack : 13.514
TNS   : 0.000

Type  : Fast 1100mV 100C Model Hold 'clk'
Slack : 0.139
TNS   : 0.000

Type  : Fast 1100mV 100C Model Hold 'altera_reserved_tck'
Slack : 0.160
TNS   : 0.000

Type  : Fast 1100mV 100C Model Recovery 'clk'
Slack : 17.762
TNS   : 0.000

Type  : Fast 1100mV 100C Model Recovery 'altera_reserved_tck'
Slack : 30.948
TNS   : 0.000

Type  : Fast 1100mV 100C Model Removal 'clk'
Slack : 0.307
TNS   : 0.000

Type  : Fast 1100mV 100C Model Removal 'altera_reserved_tck'
Slack : 0.521
TNS   : 0.000

Type  : Fast 1100mV 100C Model Minimum Pulse Width 'clk'
Slack : 8.516
TNS   : 0.000

Type  : Fast 1100mV 100C Model Minimum Pulse Width 'altera_reserved_tck'
Slack : 15.422
TNS   : 0.000

Type  : Fast 1100mV -40C Model Setup 'clk'
Slack : 5.794
TNS   : 0.000

Type  : Fast 1100mV -40C Model Setup 'altera_reserved_tck'
Slack : 14.123
TNS   : 0.000

Type  : Fast 1100mV -40C Model Hold 'clk'
Slack : 0.121
TNS   : 0.000

Type  : Fast 1100mV -40C Model Hold 'altera_reserved_tck'
Slack : 0.138
TNS   : 0.000

Type  : Fast 1100mV -40C Model Recovery 'clk'
Slack : 18.182
TNS   : 0.000

Type  : Fast 1100mV -40C Model Recovery 'altera_reserved_tck'
Slack : 31.338
TNS   : 0.000

Type  : Fast 1100mV -40C Model Removal 'clk'
Slack : 0.267
TNS   : 0.000

Type  : Fast 1100mV -40C Model Removal 'altera_reserved_tck'
Slack : 0.422
TNS   : 0.000

Type  : Fast 1100mV -40C Model Minimum Pulse Width 'clk'
Slack : 8.444
TNS   : 0.000

Type  : Fast 1100mV -40C Model Minimum Pulse Width 'altera_reserved_tck'
Slack : 15.421
TNS   : 0.000

------------------------------------------------------------
