Flow report for nrm_resonance
Fri Nov 28 12:03:02 2025
Quartus Prime Version 24.1std.0 Build 1077 03/04/2025 SC Lite Edition


---------------------
; Table of Contents ;
---------------------
  1. Legal Notice
  2. Flow Summary
  3. Flow Settings
  4. Flow Non-Default Global Settings
  5. Flow Elapsed Time
  6. Flow OS Summary
  7. Flow Log
  8. Flow Messages
  9. Flow Suppressed Messages



----------------
; Legal Notice ;
----------------
Copyright (C) 2025  Altera Corporation. All rights reserved.
Your use of Altera Corporation's design tools, logic functions 
and other software and tools, and any partner logic 
functions, and any output files from any of the foregoing 
(including device programming or simulation files), and any 
associated documentation or information are expressly subject 
to the terms and conditions of the Altera Program License 
Subscription Agreement, the Altera Quartus Prime License Agreement,
the Altera IP License Agreement, or other applicable license
agreement, including, without limitation, that your use is for
the sole purpose of programming logic devices manufactured by
Altera and sold by Altera or its authorized distributors.  Please
refer to the Altera Software License Subscription Agreements 
on the Quartus Prime software download page.



+-----------------------------------------------------------------------------------+
; Flow Summary                                                                      ;
+---------------------------------+-------------------------------------------------+
; Flow Status                     ; Successful - Fri Nov 28 12:02:54 2025           ;
; Quartus Prime Version           ; 24.1std.0 Build 1077 03/04/2025 SC Lite Edition ;
; Revision Name                   ; nrm_resonance                                   ;
; Top-level Entity Name           ; nrm_system_wrapper                              ;
; Family                          ; Cyclone V                                       ;
; Device                          ; 5CSEBA6U23I7                                    ;
; Timing Models                   ; Final                                           ;
; Logic utilization (in ALMs)     ; 751 / 41,910 ( 2 % )                            ;
; Total registers                 ; 1319                                            ;
; Total pins                      ; 44 / 314 ( 14 % )                               ;
; Total virtual pins              ; 0                                               ;
; Total block memory bits         ; 512 / 5,662,720 ( < 1 % )                       ;
; Total DSP Blocks                ; 1 / 112 ( < 1 % )                               ;
; Total HSSI RX PCSs              ; 0                                               ;
; Total HSSI PMA RX Deserializers ; 0                                               ;
; Total HSSI TX PCSs              ; 0                                               ;
; Total HSSI PMA TX Serializers   ; 0                                               ;
; Total PLLs                      ; 0 / 6 ( 0 % )                                   ;
; Total DLLs                      ; 0 / 4 ( 0 % )                                   ;
+---------------------------------+-------------------------------------------------+


+-----------------------------------------+
; Flow Settings                           ;
+-------------------+---------------------+
; Option            ; Setting             ;
+-------------------+---------------------+
; Start date & time ; 11/28/2025 12:01:37 ;
; Main task         ; Compilation         ;
; Revision Name     ; nrm_resonance       ;
+-------------------+---------------------+


+-------------------------------------------------------------------------------------------------------------------------------------+
; Flow Non-Default Global Settings                                                                                                    ;
+--------------------------+---------------------------------------------------------------+---------------+-------------+------------+
; Assignment Name          ; Value                                                         ; Default Value ; Entity Name ; Section Id ;
+--------------------------+---------------------------------------------------------------+---------------+-------------+------------+
; COMPILER_SIGNATURE_ID    ; 167732546173823.176436009745272                               ; --            ; --          ; --         ;
; MAX_CORE_JUNCTION_TEMP   ; 100                                                           ; --            ; --          ; --         ;
; MIN_CORE_JUNCTION_TEMP   ; -40                                                           ; --            ; --          ; --         ;
; MISC_FILE                ; jtag_system/synthesis/../jtag_system.cmp                      ; --            ; --          ; --         ;
; MISC_FILE                ; jtag_system/synthesis/../../jtag_system.qsys                  ; --            ; --          ; --         ;
; PROJECT_OUTPUT_DIRECTORY ; output_files                                                  ; --            ; --          ; --         ;
; SLD_FILE                 ; jtag_system/synthesis/jtag_system.regmap                      ; --            ; --          ; --         ;
; SLD_FILE                 ; jtag_system/synthesis/jtag_system.debuginfo                   ; --            ; --          ; --         ;
; SLD_INFO                 ; QSYS_NAME jtag_system HAS_SOPCINFO 1 GENERATION_ID 1764356413 ; --            ; jtag_system ; --         ;
; SOPCINFO_FILE            ; jtag_system/synthesis/../../jtag_system.sopcinfo              ; --            ; --          ; --         ;
; SYNTHESIS_ONLY_QIP       ; On                                                            ; --            ; --          ; --         ;
; TOP_LEVEL_ENTITY         ; nrm_system_wrapper                                            ; nrm_resonance ; --          ; --         ;
+--------------------------+---------------------------------------------------------------+---------------+-------------+------------+


+--------------------------------------------------------------------------------------------------------------------------+
; Flow Elapsed Time                                                                                                        ;
+----------------------+--------------+-------------------------+---------------------+------------------------------------+
; Module Name          ; Elapsed Time ; Average Processors Used ; Peak Virtual Memory ; Total CPU Time (on all processors) ;
+----------------------+--------------+-------------------------+---------------------+------------------------------------+
; Analysis & Synthesis ; 00:00:15     ; 1.0                     ; 601 MB              ; 00:00:37                           ;
; Fitter               ; 00:00:51     ; 1.2                     ; 2842 MB             ; 00:02:52                           ;
; Assembler            ; 00:00:06     ; 1.0                     ; 523 MB              ; 00:00:06                           ;
; Timing Analyzer      ; 00:00:07     ; 2.0                     ; 1077 MB             ; 00:00:12                           ;
; Total                ; 00:01:19     ; --                      ; --                  ; 00:03:47                           ;
+----------------------+--------------+-------------------------+---------------------+------------------------------------+


+-----------------------------------------------------------------------------------------+
; Flow OS Summary                                                                         ;
+----------------------+--------------------------+---------+------------+----------------+
; Module Name          ; Machine Hostname         ; OS Name ; OS Version ; Processor type ;
+----------------------+--------------------------+---------+------------+----------------+
; Analysis & Synthesis ; helios-B550-AORUS-PRO-AC ; Ubuntu  ; 24         ; x86_64         ;
; Fitter               ; helios-B550-AORUS-PRO-AC ; Ubuntu  ; 24         ; x86_64         ;
; Assembler            ; helios-B550-AORUS-PRO-AC ; Ubuntu  ; 24         ; x86_64         ;
; Timing Analyzer      ; helios-B550-AORUS-PRO-AC ; Ubuntu  ; 24         ; x86_64         ;
+----------------------+--------------------------+---------+------------+----------------+


------------
; Flow Log ;
------------
quartus_map --read_settings_files=on --write_settings_files=off nrm_resonance -c nrm_resonance
quartus_fit --read_settings_files=off --write_settings_files=off nrm_resonance -c nrm_resonance
quartus_asm --read_settings_files=off --write_settings_files=off nrm_resonance -c nrm_resonance
quartus_sta nrm_resonance -c nrm_resonance



