Info: Starting: Create HDL design files for synthesis
Info: qsys-generate /media/helios/DUALITY-GUARDIAN/DUALITY-ZERO-V2/fpga/de10-nano/projects/nrm_resonance/hps_system.qsys --synthesis=VERILOG --output-directory=/media/helios/DUALITY-GUARDIAN/DUALITY-ZERO-V2/fpga/de10-nano/projects/nrm_resonance/hps_system/synthesis --family="Cyclone V" --part=5CSEBA6U23I7
Progress: Loading nrm_resonance/hps_system.qsys
Progress: Reading input file
Progress: Adding clk_0 [clock_source 24.1]
Progress: Parameterizing module clk_0
Progress: Adding hps_0 [altera_hps 24.1]
Progress: Parameterizing module hps_0
Progress: Adding pio_injection [altera_avalon_pio 24.1]
Progress: Parameterizing module pio_injection
Progress: Building connections
Progress: Parameterizing connections
Progress: Validating
Progress: Done reading input file
Info: hps_system.hps_0: HPS Main PLL counter settings: n = 0  m = 63
Info: hps_system.hps_0: HPS peripherial PLL counter settings: n = 0  m = 39
Warning: hps_system.hps_0: HPS model no longer supports simulation for HPS FPGA Bridges.
Warning: hps_system.hps_0: ODT is disabled. Enabling ODT (Mode Register 1) may improve signal integrity
Warning: hps_system.hps_0: set_interface_assignment: Interface "hps_io" does not exist
Error: hps_system.hps_0: hps_0.f2h_sdram0_clock must be connected to a clock output
Warning: hps_system.hps_0: hps_0.h2f_mpu_events must be exported, or connected to a matching conduit.
Info: hps_system: Generating "hps_system" for QUARTUS_SYNTH
Info: Interconnect is inserted between master hps_0.h2f_lw_axi_master and slave pio_injection.s1 because the master is of type axi and the slave is of type avalon.
Info: hps_0: "Running  for module: hps_0"
Info: hps_0: HPS Main PLL counter settings: n = 0  m = 63
Info: hps_0: HPS peripherial PLL counter settings: n = 0  m = 39
Warning: hps_0: HPS model no longer supports simulation for HPS FPGA Bridges.
Warning: hps_0: ODT is disabled. Enabling ODT (Mode Register 1) may improve signal integrity
Warning: hps_0: set_interface_assignment: Interface "hps_io" does not exist
Info: hps_0: "hps_system" instantiated altera_hps "hps_0"
Info: pio_injection: Starting RTL generation for module 'hps_system_pio_injection'
Info: pio_injection:   Generation command is [exec /home/helios/intelFPGA_24_1/quartus/linux64/perl/bin/perl -I /home/helios/intelFPGA_24_1/quartus/linux64/perl/lib -I /home/helios/intelFPGA_24_1/quartus/sopc_builder/bin/europa -I /home/helios/intelFPGA_24_1/quartus/sopc_builder/bin -I /home/helios/intelFPGA_24_1/quartus/../ip/altera/sopc_builder_ip/common -I /home/helios/intelFPGA_24_1/quartus/../ip/altera/sopc_builder_ip/altera_avalon_pio -- /home/helios/intelFPGA_24_1/quartus/../ip/altera/sopc_builder_ip/altera_avalon_pio/generate_rtl.pl --name=hps_system_pio_injection --dir=/tmp/alt0420_3632654119909768735.dir/0002_pio_injection_gen/ --quartus_dir=/home/helios/intelFPGA_24_1/quartus --verilog --config=/tmp/alt0420_3632654119909768735.dir/0002_pio_injection_gen//hps_system_pio_injection_component_configuration.pl  --do_build_sim=0  ]
Info: pio_injection: Done RTL generation for module 'hps_system_pio_injection'
Info: pio_injection: "hps_system" instantiated altera_avalon_pio "pio_injection"
Info: avalon_st_adapter: Inserting error_adapter: error_adapter_0
Info: mm_interconnect_0: "hps_system" instantiated altera_mm_interconnect "mm_interconnect_0"
Info: rst_controller: "hps_system" instantiated altera_reset_controller "rst_controller"
Info: fpga_interfaces: "hps_0" instantiated altera_interface_generator "fpga_interfaces"
Info: hps_io: "hps_0" instantiated altera_hps_io "hps_io"
Info: pio_injection_s1_translator: "mm_interconnect_0" instantiated altera_merlin_slave_translator "pio_injection_s1_translator"
Info: hps_0_h2f_lw_axi_master_agent: "mm_interconnect_0" instantiated altera_merlin_axi_master_ni "hps_0_h2f_lw_axi_master_agent"
Info: pio_injection_s1_agent: "mm_interconnect_0" instantiated altera_merlin_slave_agent "pio_injection_s1_agent"
Info: pio_injection_s1_agent_rsp_fifo: "mm_interconnect_0" instantiated altera_avalon_sc_fifo "pio_injection_s1_agent_rsp_fifo"
Info: router: "mm_interconnect_0" instantiated altera_merlin_router "router"
Info: router_002: "mm_interconnect_0" instantiated altera_merlin_router "router_002"
Info: pio_injection_s1_burst_adapter: "mm_interconnect_0" instantiated altera_merlin_burst_adapter "pio_injection_s1_burst_adapter"
Info: Reusing file /media/helios/DUALITY-GUARDIAN/DUALITY-ZERO-V2/fpga/de10-nano/projects/nrm_resonance/hps_system/synthesis/submodules/altera_merlin_address_alignment.sv
Info: cmd_demux: "mm_interconnect_0" instantiated altera_merlin_demultiplexer "cmd_demux"
Info: cmd_mux: "mm_interconnect_0" instantiated altera_merlin_multiplexer "cmd_mux"
Info: rsp_demux: "mm_interconnect_0" instantiated altera_merlin_demultiplexer "rsp_demux"
Info: rsp_mux: "mm_interconnect_0" instantiated altera_merlin_multiplexer "rsp_mux"
Info: Reusing file /media/helios/DUALITY-GUARDIAN/DUALITY-ZERO-V2/fpga/de10-nano/projects/nrm_resonance/hps_system/synthesis/submodules/altera_merlin_arbitrator.sv
Info: avalon_st_adapter: "mm_interconnect_0" instantiated altera_avalon_st_adapter "avalon_st_adapter"
